// Jest Snapshot v1, https://goo.gl/fbAQLP

exports[`100percent: select field with function args 1`] = `
<div
  className="MuiFormControl-root MuiFormControl-fullWidth"
>
  <label
    className="MuiFormLabel-root MuiInputLabel-root MuiInputLabel-formControl MuiInputLabel-animated"
    data-shrink={false}
  >
    my select with func
  </label>
  <select>
    <option />
    <option />
    <option />
    <option />
  </select>
</div>
`;

exports[`100percent: transition render 1`] = `
<div>
  slide 
  {
  "direction": "up"
}
</div>
`;
