// Jest Snapshot v1, https://goo.gl/fbAQLP

exports[`app: inital app render 1`] = `
<div>
  <div>
    <div
      className="key  "
      draggable={true}
      onClick={[Function]}
      onDragEnd={[Function]}
      onDragLeave={[Function]}
      onDragOver={[Function]}
      onDragStart={[Function]}
      onDrop={[Function]}
    >
      ~
    </div>
    <div
      className="key  "
      draggable={true}
      onClick={[Function]}
      onDragEnd={[Function]}
      onDragLeave={[Function]}
      onDragOver={[Function]}
      onDragStart={[Function]}
      onDrop={[Function]}
    >
      0
    </div>
    <div
      className="key  "
      draggable={true}
      onClick={[Function]}
      onDragEnd={[Function]}
      onDragLeave={[Function]}
      onDragOver={[Function]}
      onDragStart={[Function]}
      onDrop={[Function]}
    >
      1
    </div>
    <div
      className="key  "
      draggable={true}
      onClick={[Function]}
      onDragEnd={[Function]}
      onDragLeave={[Function]}
      onDragOver={[Function]}
      onDragStart={[Function]}
      onDrop={[Function]}
    >
      2
    </div>
    <div
      className="key  "
      draggable={true}
      onClick={[Function]}
      onDragEnd={[Function]}
      onDragLeave={[Function]}
      onDragOver={[Function]}
      onDragStart={[Function]}
      onDrop={[Function]}
    >
      3
    </div>
    <div
      className="key  "
      draggable={true}
      onClick={[Function]}
      onDragEnd={[Function]}
      onDragLeave={[Function]}
      onDragOver={[Function]}
      onDragStart={[Function]}
      onDrop={[Function]}
    >
      4
    </div>
    <div
      className="key  "
      draggable={true}
      onClick={[Function]}
      onDragEnd={[Function]}
      onDragLeave={[Function]}
      onDragOver={[Function]}
      onDragStart={[Function]}
      onDrop={[Function]}
    >
      5
    </div>
    <div
      className="key  "
      draggable={true}
      onClick={[Function]}
      onDragEnd={[Function]}
      onDragLeave={[Function]}
      onDragOver={[Function]}
      onDragStart={[Function]}
      onDrop={[Function]}
    >
      6
    </div>
    <div
      className="key  "
      draggable={true}
      onClick={[Function]}
      onDragEnd={[Function]}
      onDragLeave={[Function]}
      onDragOver={[Function]}
      onDragStart={[Function]}
      onDrop={[Function]}
    >
      7
    </div>
    <div
      className="key  "
      draggable={true}
      onClick={[Function]}
      onDragEnd={[Function]}
      onDragLeave={[Function]}
      onDragOver={[Function]}
      onDragStart={[Function]}
      onDrop={[Function]}
    >
      8
    </div>
    <div
      className="key  "
      draggable={true}
      onClick={[Function]}
      onDragEnd={[Function]}
      onDragLeave={[Function]}
      onDragOver={[Function]}
      onDragStart={[Function]}
      onDrop={[Function]}
    >
      9
    </div>
    <div
      className="key  "
      draggable={true}
      onClick={[Function]}
      onDragEnd={[Function]}
      onDragLeave={[Function]}
      onDragOver={[Function]}
      onDragStart={[Function]}
      onDrop={[Function]}
    >
      MenuKeyboard
    </div>
    <div
      className="breakPoint"
    />
    <div
      className="key  "
      draggable={true}
      onClick={[Function]}
      onDragEnd={[Function]}
      onDragLeave={[Function]}
      onDragOver={[Function]}
      onDragStart={[Function]}
      onDrop={[Function]}
    >
      @
    </div>
    <div
      className="key  "
      draggable={true}
      onClick={[Function]}
      onDragEnd={[Function]}
      onDragLeave={[Function]}
      onDragOver={[Function]}
      onDragStart={[Function]}
      onDrop={[Function]}
    >
      &
    </div>
    <div
      className="key  "
      draggable={true}
      onClick={[Function]}
      onDragEnd={[Function]}
      onDragLeave={[Function]}
      onDragOver={[Function]}
      onDragStart={[Function]}
      onDrop={[Function]}
    >
      $
    </div>
    <div
      className="key  "
      draggable={true}
      onClick={[Function]}
      onDragEnd={[Function]}
      onDragLeave={[Function]}
      onDragOver={[Function]}
      onDragStart={[Function]}
      onDrop={[Function]}
    >
      /
    </div>
    <div
      className="key  "
      draggable={true}
      onClick={[Function]}
      onDragEnd={[Function]}
      onDragLeave={[Function]}
      onDragOver={[Function]}
      onDragStart={[Function]}
      onDrop={[Function]}
    >
      +
    </div>
    <div
      className="key  "
      draggable={true}
      onClick={[Function]}
      onDragEnd={[Function]}
      onDragLeave={[Function]}
      onDragOver={[Function]}
      onDragStart={[Function]}
      onDrop={[Function]}
    >
      '
    </div>
    <div
      className="key  "
      draggable={true}
      onClick={[Function]}
      onDragEnd={[Function]}
      onDragLeave={[Function]}
      onDragOver={[Function]}
      onDragStart={[Function]}
      onDrop={[Function]}
    >
      _
    </div>
    <div
      className="key  "
      draggable={true}
      onClick={[Function]}
      onDragEnd={[Function]}
      onDragLeave={[Function]}
      onDragOver={[Function]}
      onDragStart={[Function]}
      onDrop={[Function]}
    >
      "
    </div>
    <div
      className="key  "
      draggable={true}
      onClick={[Function]}
      onDragEnd={[Function]}
      onDragLeave={[Function]}
      onDragOver={[Function]}
      onDragStart={[Function]}
      onDrop={[Function]}
    >
      %
    </div>
    <div
      className="key  "
      draggable={true}
      onClick={[Function]}
      onDragEnd={[Function]}
      onDragLeave={[Function]}
      onDragOver={[Function]}
      onDragStart={[Function]}
      onDrop={[Function]}
    />
    <div
      className="key  "
      draggable={true}
      onClick={[Function]}
      onDragEnd={[Function]}
      onDragLeave={[Function]}
      onDragOver={[Function]}
      onDragStart={[Function]}
      onDrop={[Function]}
    />
    <div
      className="key  "
      draggable={true}
      onClick={[Function]}
      onDragEnd={[Function]}
      onDragLeave={[Function]}
      onDragOver={[Function]}
      onDragStart={[Function]}
      onDrop={[Function]}
    />
    <div
      className="breakPoint"
    />
    <div
      className="key  "
      draggable={true}
      onClick={[Function]}
      onDragEnd={[Function]}
      onDragLeave={[Function]}
      onDragOver={[Function]}
      onDragStart={[Function]}
      onDrop={[Function]}
    >
      !
    </div>
    <div
      className="key  "
      draggable={true}
      onClick={[Function]}
      onDragEnd={[Function]}
      onDragLeave={[Function]}
      onDragOver={[Function]}
      onDragStart={[Function]}
      onDrop={[Function]}
    />
    <div
      className="key  "
      draggable={true}
      onClick={[Function]}
      onDragEnd={[Function]}
      onDragLeave={[Function]}
      onDragOver={[Function]}
      onDragStart={[Function]}
      onDrop={[Function]}
    >
      Q
    </div>
    <div
      className="key  "
      draggable={true}
      onClick={[Function]}
      onDragEnd={[Function]}
      onDragLeave={[Function]}
      onDragOver={[Function]}
      onDragStart={[Function]}
      onDrop={[Function]}
    >
      W
    </div>
    <div
      className="key  "
      draggable={true}
      onClick={[Function]}
      onDragEnd={[Function]}
      onDragLeave={[Function]}
      onDragOver={[Function]}
      onDragStart={[Function]}
      onDrop={[Function]}
    >
      E
    </div>
    <div
      className="key  "
      draggable={true}
      onClick={[Function]}
      onDragEnd={[Function]}
      onDragLeave={[Function]}
      onDragOver={[Function]}
      onDragStart={[Function]}
      onDrop={[Function]}
    >
      R
    </div>
    <div
      className="key  "
      draggable={true}
      onClick={[Function]}
      onDragEnd={[Function]}
      onDragLeave={[Function]}
      onDragOver={[Function]}
      onDragStart={[Function]}
      onDrop={[Function]}
    >
      T
    </div>
    <div
      className="key  "
      draggable={true}
      onClick={[Function]}
      onDragEnd={[Function]}
      onDragLeave={[Function]}
      onDragOver={[Function]}
      onDragStart={[Function]}
      onDrop={[Function]}
    >
      Z
    </div>
    <div
      className="key  "
      draggable={true}
      onClick={[Function]}
      onDragEnd={[Function]}
      onDragLeave={[Function]}
      onDragOver={[Function]}
      onDragStart={[Function]}
      onDrop={[Function]}
    >
      U
    </div>
    <div
      className="key  "
      draggable={true}
      onClick={[Function]}
      onDragEnd={[Function]}
      onDragLeave={[Function]}
      onDragOver={[Function]}
      onDragStart={[Function]}
      onDrop={[Function]}
    >
      I
    </div>
    <div
      className="key  "
      draggable={true}
      onClick={[Function]}
      onDragEnd={[Function]}
      onDragLeave={[Function]}
      onDragOver={[Function]}
      onDragStart={[Function]}
      onDrop={[Function]}
    >
      O
    </div>
    <div
      className="key  "
      draggable={true}
      onClick={[Function]}
      onDragEnd={[Function]}
      onDragLeave={[Function]}
      onDragOver={[Function]}
      onDragStart={[Function]}
      onDrop={[Function]}
    >
      P
    </div>
    <div
      className="breakPoint"
    />
    <div
      className="key  "
      draggable={true}
      onClick={[Function]}
      onDragEnd={[Function]}
      onDragLeave={[Function]}
      onDragOver={[Function]}
      onDragStart={[Function]}
      onDrop={[Function]}
    >
      -
    </div>
    <div
      className="key  "
      draggable={true}
      onClick={[Function]}
      onDragEnd={[Function]}
      onDragLeave={[Function]}
      onDragOver={[Function]}
      onDragStart={[Function]}
      onDrop={[Function]}
    >
      ^
    </div>
    <div
      className="key  "
      draggable={true}
      onClick={[Function]}
      onDragEnd={[Function]}
      onDragLeave={[Function]}
      onDragOver={[Function]}
      onDragStart={[Function]}
      onDrop={[Function]}
    >
      ?
    </div>
    <div
      className="key  "
      draggable={true}
      onClick={[Function]}
      onDragEnd={[Function]}
      onDragLeave={[Function]}
      onDragOver={[Function]}
      onDragStart={[Function]}
      onDrop={[Function]}
    >
      A
    </div>
    <div
      className="key  "
      draggable={true}
      onClick={[Function]}
      onDragEnd={[Function]}
      onDragLeave={[Function]}
      onDragOver={[Function]}
      onDragStart={[Function]}
      onDrop={[Function]}
    >
      S
    </div>
    <div
      className="key  "
      draggable={true}
      onClick={[Function]}
      onDragEnd={[Function]}
      onDragLeave={[Function]}
      onDragOver={[Function]}
      onDragStart={[Function]}
      onDrop={[Function]}
    >
      D
    </div>
    <div
      className="key  "
      draggable={true}
      onClick={[Function]}
      onDragEnd={[Function]}
      onDragLeave={[Function]}
      onDragOver={[Function]}
      onDragStart={[Function]}
      onDrop={[Function]}
    >
      F
    </div>
    <div
      className="key  "
      draggable={true}
      onClick={[Function]}
      onDragEnd={[Function]}
      onDragLeave={[Function]}
      onDragOver={[Function]}
      onDragStart={[Function]}
      onDrop={[Function]}
    >
      G
    </div>
    <div
      className="key  "
      draggable={true}
      onClick={[Function]}
      onDragEnd={[Function]}
      onDragLeave={[Function]}
      onDragOver={[Function]}
      onDragStart={[Function]}
      onDrop={[Function]}
    >
      H
    </div>
    <div
      className="key  "
      draggable={true}
      onClick={[Function]}
      onDragEnd={[Function]}
      onDragLeave={[Function]}
      onDragOver={[Function]}
      onDragStart={[Function]}
      onDrop={[Function]}
    >
      J
    </div>
    <div
      className="key  "
      draggable={true}
      onClick={[Function]}
      onDragEnd={[Function]}
      onDragLeave={[Function]}
      onDragOver={[Function]}
      onDragStart={[Function]}
      onDrop={[Function]}
    >
      K
    </div>
    <div
      className="key  "
      draggable={true}
      onClick={[Function]}
      onDragEnd={[Function]}
      onDragLeave={[Function]}
      onDragOver={[Function]}
      onDragStart={[Function]}
      onDrop={[Function]}
    >
      L
    </div>
    <div
      className="breakPoint"
    />
    <div
      className="key  "
      draggable={true}
      onClick={[Function]}
      onDragEnd={[Function]}
      onDragLeave={[Function]}
      onDragOver={[Function]}
      onDragStart={[Function]}
      onDrop={[Function]}
    >
      :
    </div>
    <div
      className="key  "
      draggable={true}
      onClick={[Function]}
      onDragEnd={[Function]}
      onDragLeave={[Function]}
      onDragOver={[Function]}
      onDragStart={[Function]}
      onDrop={[Function]}
    >
      &lt;
    </div>
    <div
      className="key  "
      draggable={true}
      onClick={[Function]}
      onDragEnd={[Function]}
      onDragLeave={[Function]}
      onDragOver={[Function]}
      onDragStart={[Function]}
      onDrop={[Function]}
    >
      =
    </div>
    <div
      className="key  "
      draggable={true}
      onClick={[Function]}
      onDragEnd={[Function]}
      onDragLeave={[Function]}
      onDragOver={[Function]}
      onDragStart={[Function]}
      onDrop={[Function]}
    >
      Y
    </div>
    <div
      className="key  "
      draggable={true}
      onClick={[Function]}
      onDragEnd={[Function]}
      onDragLeave={[Function]}
      onDragOver={[Function]}
      onDragStart={[Function]}
      onDrop={[Function]}
    >
      X
    </div>
    <div
      className="key  "
      draggable={true}
      onClick={[Function]}
      onDragEnd={[Function]}
      onDragLeave={[Function]}
      onDragOver={[Function]}
      onDragStart={[Function]}
      onDrop={[Function]}
    >
      C
    </div>
    <div
      className="key  "
      draggable={true}
      onClick={[Function]}
      onDragEnd={[Function]}
      onDragLeave={[Function]}
      onDragOver={[Function]}
      onDragStart={[Function]}
      onDrop={[Function]}
    >
      V
    </div>
    <div
      className="key  "
      draggable={true}
      onClick={[Function]}
      onDragEnd={[Function]}
      onDragLeave={[Function]}
      onDragOver={[Function]}
      onDragStart={[Function]}
      onDrop={[Function]}
    >
      B
    </div>
    <div
      className="key  "
      draggable={true}
      onClick={[Function]}
      onDragEnd={[Function]}
      onDragLeave={[Function]}
      onDragOver={[Function]}
      onDragStart={[Function]}
      onDrop={[Function]}
    >
      N
    </div>
    <div
      className="key  "
      draggable={true}
      onClick={[Function]}
      onDragEnd={[Function]}
      onDragLeave={[Function]}
      onDragOver={[Function]}
      onDragStart={[Function]}
      onDrop={[Function]}
    >
      M
    </div>
    <div
      className="key  "
      draggable={true}
      onClick={[Function]}
      onDragEnd={[Function]}
      onDragLeave={[Function]}
      onDragOver={[Function]}
      onDragStart={[Function]}
      onDrop={[Function]}
    >
      |
    </div>
    <div
      className="key  "
      draggable={true}
      onClick={[Function]}
      onDragEnd={[Function]}
      onDragLeave={[Function]}
      onDragOver={[Function]}
      onDragStart={[Function]}
      onDrop={[Function]}
    >
      #
    </div>
    <div
      className="breakPoint"
    />
    <div
      className="key  "
      draggable={true}
      onClick={[Function]}
      onDragEnd={[Function]}
      onDragLeave={[Function]}
      onDragOver={[Function]}
      onDragStart={[Function]}
      onDrop={[Function]}
    >
      Win
    </div>
    <div
      className="key  "
      draggable={true}
      onClick={[Function]}
      onDragEnd={[Function]}
      onDragLeave={[Function]}
      onDragOver={[Function]}
      onDragStart={[Function]}
      onDrop={[Function]}
    >
      &gt;
    </div>
    <div
      className="key  "
      draggable={true}
      onClick={[Function]}
      onDragEnd={[Function]}
      onDragLeave={[Function]}
      onDragOver={[Function]}
      onDragStart={[Function]}
      onDrop={[Function]}
    >
      ,
    </div>
    <div
      className="key  "
      draggable={true}
      onClick={[Function]}
      onDragEnd={[Function]}
      onDragLeave={[Function]}
      onDragOver={[Function]}
      onDragStart={[Function]}
      onDrop={[Function]}
    >
      .
    </div>
    <div
      className="key  "
      draggable={true}
      onClick={[Function]}
      onDragEnd={[Function]}
      onDragLeave={[Function]}
      onDragOver={[Function]}
      onDragStart={[Function]}
      onDrop={[Function]}
    >
      (
    </div>
    <div
      className="key  "
      draggable={true}
      onClick={[Function]}
      onDragEnd={[Function]}
      onDragLeave={[Function]}
      onDragOver={[Function]}
      onDragStart={[Function]}
      onDrop={[Function]}
    >
      )
    </div>
    <div
      className="key  "
      draggable={true}
      onClick={[Function]}
      onDragEnd={[Function]}
      onDragLeave={[Function]}
      onDragOver={[Function]}
      onDragStart={[Function]}
      onDrop={[Function]}
    >
      [
    </div>
    <div
      className="key  "
      draggable={true}
      onClick={[Function]}
      onDragEnd={[Function]}
      onDragLeave={[Function]}
      onDragOver={[Function]}
      onDragStart={[Function]}
      onDrop={[Function]}
    >
      ]
    </div>
    <div
      className="key  "
      draggable={true}
      onClick={[Function]}
      onDragEnd={[Function]}
      onDragLeave={[Function]}
      onDragOver={[Function]}
      onDragStart={[Function]}
      onDrop={[Function]}
    >
      {
    </div>
    <div
      className="key  "
      draggable={true}
      onClick={[Function]}
      onDragEnd={[Function]}
      onDragLeave={[Function]}
      onDragOver={[Function]}
      onDragStart={[Function]}
      onDrop={[Function]}
    >
      }
    </div>
    <div
      className="key  "
      draggable={true}
      onClick={[Function]}
      onDragEnd={[Function]}
      onDragLeave={[Function]}
      onDragOver={[Function]}
      onDragStart={[Function]}
      onDrop={[Function]}
    >
      ArrowUp
    </div>
    <div
      className="key  "
      draggable={true}
      onClick={[Function]}
      onDragEnd={[Function]}
      onDragLeave={[Function]}
      onDragOver={[Function]}
      onDragStart={[Function]}
      onDrop={[Function]}
    >
      Esc
    </div>
    <div
      className="breakPoint"
    />
    <div
      className="key  "
      draggable={true}
      onClick={[Function]}
      onDragEnd={[Function]}
      onDragLeave={[Function]}
      onDragOver={[Function]}
      onDragStart={[Function]}
      onDrop={[Function]}
    >
      Ctrl
    </div>
    <div
      className="key  "
      draggable={true}
      onClick={[Function]}
      onDragEnd={[Function]}
      onDragLeave={[Function]}
      onDragOver={[Function]}
      onDragStart={[Function]}
      onDrop={[Function]}
    >
      Alt
    </div>
    <div
      className="key  "
      draggable={true}
      onClick={[Function]}
      onDragEnd={[Function]}
      onDragLeave={[Function]}
      onDragOver={[Function]}
      onDragStart={[Function]}
      onDrop={[Function]}
    >
      ;
    </div>
    <div
      className="key  "
      draggable={true}
      onClick={[Function]}
      onDragEnd={[Function]}
      onDragLeave={[Function]}
      onDragOver={[Function]}
      onDragStart={[Function]}
      onDrop={[Function]}
    >
      LeftShift
    </div>
    <div
      className="key  "
      draggable={true}
      onClick={[Function]}
      onDragEnd={[Function]}
      onDragLeave={[Function]}
      onDragOver={[Function]}
      onDragStart={[Function]}
      onDrop={[Function]}
    />
    <div
      className="key  "
      draggable={true}
      onClick={[Function]}
      onDragEnd={[Function]}
      onDragLeave={[Function]}
      onDragOver={[Function]}
      onDragStart={[Function]}
      onDrop={[Function]}
    />
    <div
      className="key  "
      draggable={true}
      onClick={[Function]}
      onDragEnd={[Function]}
      onDragLeave={[Function]}
      onDragOver={[Function]}
      onDragStart={[Function]}
      onDrop={[Function]}
    />
    <div
      className="key  "
      draggable={true}
      onClick={[Function]}
      onDragEnd={[Function]}
      onDragLeave={[Function]}
      onDragOver={[Function]}
      onDragStart={[Function]}
      onDrop={[Function]}
    />
    <div
      className="key  "
      draggable={true}
      onClick={[Function]}
      onDragEnd={[Function]}
      onDragLeave={[Function]}
      onDragOver={[Function]}
      onDragStart={[Function]}
      onDrop={[Function]}
    >
      BackOne
    </div>
    <div
      className="key  "
      draggable={true}
      onClick={[Function]}
      onDragEnd={[Function]}
      onDragLeave={[Function]}
      onDragOver={[Function]}
      onDragStart={[Function]}
      onDrop={[Function]}
    >
      ArrowLeft
    </div>
    <div
      className="key  "
      draggable={true}
      onClick={[Function]}
      onDragEnd={[Function]}
      onDragLeave={[Function]}
      onDragOver={[Function]}
      onDragStart={[Function]}
      onDrop={[Function]}
    >
      ArrowDown
    </div>
    <div
      className="key  "
      draggable={true}
      onClick={[Function]}
      onDragEnd={[Function]}
      onDragLeave={[Function]}
      onDragOver={[Function]}
      onDragStart={[Function]}
      onDrop={[Function]}
    >
      ArrowRight
    </div>
    <div
      className="breakPoint"
    />
  </div>
  <div>
    <input
      onChange={[Function]}
      type="text"
      value="MMB2s Keyboard"
    />
    <input
      onChange={[Function]}
      type="number"
      value={40}
    />
    <input
      onChange={[Function]}
      type="text"
      value="0,0,0,0"
    />
    <input
      onChange={[Function]}
      type="number"
      value={7}
    />
    <input
      onChange={[Function]}
      type="number"
      value={12}
    />
    <input
      onChange={[Function]}
      type="number"
      value={1}
    />
    <div>
      Key Editor
      <p>
        Click on a Key in the Keyboard to edit it
      </p>
    </div>
    <a
      className="button"
      onClick={[Function]}
    >
      save keyboard
    </a>
    <div
      onBlur={[Function]}
      onClick={[Function]}
      onDragEnter={[Function]}
      onDragLeave={[Function]}
      onDragOver={[Function]}
      onDrop={[Function]}
      onFocus={[Function]}
      onKeyDown={[Function]}
      tabIndex={0}
    >
      <input
        autoComplete="off"
        multiple={true}
        onChange={[Function]}
        onClick={[Function]}
        style={
          Object {
            "display": "none",
          }
        }
        tabIndex={-1}
        type="file"
      />
      <p>
        Drag 'n' drop some files here, or click to select files
      </p>
    </div>
  </div>
</div>
`;
