// Jest Snapshot v1, https://goo.gl/fbAQLP

exports[`parser: js to xml 1`] = `
"<Keyboard>
  <Name>MMB2s Keyboard</Name>
  <Height>40</Height>
  <SymbolMargin>1</SymbolMargin>
  <BorderThickness>0,0,0,0</BorderThickness>
  <Grid>
    <Rows>7</Rows>
    <Cols>30</Cols>
  </Grid>
  <Keys>
    <TextKey>
      <Row>0</Row>
      <Col>8</Col>
      <Label>7</Label>
    </TextKey>
    <TextKey>
      <Row>0</Row>
      <Col>9</Col>
      <Label>8</Label>
    </TextKey>
    <TextKey>
      <Row>0</Row>
      <Col>10</Col>
      <Label>9</Label>
    </TextKey>
    <TextKey>
      <Row>2</Row>
      <Col>1</Col>
    </TextKey>
    <TextKey>
      <Row>0</Row>
      <Col>0</Col>
      <Label>~</Label>
    </TextKey>
    <TextKey>
      <Row>1</Row>
      <Col>2</Col>
      <Label>$</Label>
    </TextKey>
    <TextKey>
      <Row>1</Row>
      <Col>1</Col>
      <Label>&amp;</Label>
    </TextKey>
    <TextKey>
      <Row>3</Row>
      <Col>1</Col>
      <Label>^</Label>
    </TextKey>
    <TextKey>
      <Row>2</Row>
      <Col>0</Col>
      <Label>!</Label>
    </TextKey>
    <TextKey>
      <Row>3</Row>
      <Col>2</Col>
      <Label>?</Label>
    </TextKey>
    <TextKey>
      <Row>4</Row>
      <Col>10</Col>
      <Label>|</Label>
    </TextKey>
    <TextKey>
      <Row>0</Row>
      <Col>5</Col>
      <Label>4</Label>
    </TextKey>
    <TextKey>
      <Row>0</Row>
      <Col>6</Col>
      <Label>5</Label>
    </TextKey>
    <TextKey>
      <Row>0</Row>
      <Col>7</Col>
      <Label>6</Label>
    </TextKey>
    <TextKey>
      <Row>1</Row>
      <Col>3</Col>
      <Label>/</Label>
    </TextKey>
    <TextKey>
      <Row>4</Row>
      <Col>0</Col>
      <Label>:</Label>
    </TextKey>
    <TextKey>
      <Row>3</Row>
      <Col>6</Col>
      <ShiftUpLabel>f</ShiftUpLabel>
      <ShiftDownLabel>F</ShiftDownLabel>
    </TextKey>
    <TextKey>
      <Row>3</Row>
      <Col>7</Col>
      <ShiftUpLabel>g</ShiftUpLabel>
      <ShiftDownLabel>G</ShiftDownLabel>
    </TextKey>
    <TextKey>
      <Row>3</Row>
      <Col>8</Col>
      <ShiftUpLabel>h</ShiftUpLabel>
      <ShiftDownLabel>H</ShiftDownLabel>
    </TextKey>
    <TextKey>
      <Row>2</Row>
      <Col>2</Col>
      <ShiftUpLabel>q</ShiftUpLabel>
      <ShiftDownLabel>Q</ShiftDownLabel>
    </TextKey>
    <TextKey>
      <Row>3</Row>
      <Col>9</Col>
      <ShiftUpLabel>j</ShiftUpLabel>
      <ShiftDownLabel>J</ShiftDownLabel>
    </TextKey>
    <TextKey>
      <Row>1</Row>
      <Col>8</Col>
      <Label>%</Label>
    </TextKey>
    <TextKey>
      <Row>0</Row>
      <Col>2</Col>
      <Label>1</Label>
    </TextKey>
    <TextKey>
      <Row>0</Row>
      <Col>3</Col>
      <Label>2</Label>
    </TextKey>
    <TextKey>
      <Row>4</Row>
      <Col>9</Col>
      <ShiftUpLabel>m</ShiftUpLabel>
      <ShiftDownLabel>M</ShiftDownLabel>
    </TextKey>
    <TextKey>
      <Row>4</Row>
      <Col>8</Col>
      <ShiftUpLabel>n</ShiftUpLabel>
      <ShiftDownLabel>N</ShiftDownLabel>
    </TextKey>
    <TextKey>
      <Row>2</Row>
      <Col>11</Col>
      <ShiftUpLabel>p</ShiftUpLabel>
      <ShiftDownLabel>P</ShiftDownLabel>
    </TextKey>
    <TextKey>
      <Row>4</Row>
      <Col>7</Col>
      <ShiftUpLabel>b</ShiftUpLabel>
      <ShiftDownLabel>B</ShiftDownLabel>
    </TextKey>
    <TextKey>
      <Row>3</Row>
      <Col>10</Col>
      <ShiftUpLabel>k</ShiftUpLabel>
      <ShiftDownLabel>K</ShiftDownLabel>
    </TextKey>
    <TextKey>
      <Row>4</Row>
      <Col>6</Col>
      <ShiftUpLabel>v</ShiftUpLabel>
      <ShiftDownLabel>V</ShiftDownLabel>
    </TextKey>
    <TextKey>
      <Row>3</Row>
      <Col>0</Col>
      <Label>-</Label>
    </TextKey>
    <TextKey>
      <Row>0</Row>
      <Col>4</Col>
      <Label>3</Label>
    </TextKey>
    <TextKey>
      <Row>1</Row>
      <Col>6</Col>
      <Label>_</Label>
    </TextKey>
    <TextKey>
      <Row>6</Row>
      <Col>2</Col>
      <Label>;</Label>
    </TextKey>
    <TextKey>
      <Row>1</Row>
      <Col>0</Col>
      <Label>@</Label>
    </TextKey>
    <TextKey>
      <Row>1</Row>
      <Col>7</Col>
      <Label>\\"</Label>
    </TextKey>
    <TextKey>
      <Row>1</Row>
      <Col>5</Col>
      <Label>'</Label>
    </TextKey>
    <TextKey>
      <Row>4</Row>
      <Col>11</Col>
      <Label>#</Label>
    </TextKey>
    <TextKey>
      <Row>0</Row>
      <Col>1</Col>
      <Label>0</Label>
    </TextKey>
    <TextKey>
      <Row>3</Row>
      <Col>11</Col>
      <ShiftUpLabel>l</ShiftUpLabel>
      <ShiftDownLabel>L</ShiftDownLabel>
    </TextKey>
    <TextKey>
      <Row>3</Row>
      <Col>4</Col>
      <ShiftUpLabel>s</ShiftUpLabel>
      <ShiftDownLabel>S</ShiftDownLabel>
    </TextKey>
    <TextKey>
      <Row>2</Row>
      <Col>5</Col>
      <ShiftUpLabel>r</ShiftUpLabel>
      <ShiftDownLabel>R</ShiftDownLabel>
    </TextKey>
    <TextKey>
      <Row>2</Row>
      <Col>6</Col>
      <ShiftUpLabel>t</ShiftUpLabel>
      <ShiftDownLabel>T</ShiftDownLabel>
    </TextKey>
    <TextKey>
      <Row>4</Row>
      <Col>5</Col>
      <ShiftUpLabel>c</ShiftUpLabel>
      <ShiftDownLabel>C</ShiftDownLabel>
    </TextKey>
    <TextKey>
      <Row>3</Row>
      <Col>5</Col>
      <ShiftUpLabel>d</ShiftUpLabel>
      <ShiftDownLabel>D</ShiftDownLabel>
    </TextKey>
    <TextKey>
      <Row>2</Row>
      <Col>3</Col>
      <ShiftUpLabel>w</ShiftUpLabel>
      <ShiftDownLabel>W</ShiftDownLabel>
    </TextKey>
    <TextKey>
      <Row>1</Row>
      <Col>4</Col>
      <Label>+</Label>
    </TextKey>
    <TextKey>
      <Row>4</Row>
      <Col>1</Col>
      <Label>&lt;</Label>
    </TextKey>
    <TextKey>
      <Row>4</Row>
      <Col>2</Col>
      <Label>=</Label>
    </TextKey>
    <TextKey>
      <Row>3</Row>
      <Col>3</Col>
      <ShiftUpLabel>a</ShiftUpLabel>
      <ShiftDownLabel>A</ShiftDownLabel>
    </TextKey>
    <TextKey>
      <Row>2</Row>
      <Col>4</Col>
      <ShiftUpLabel>e</ShiftUpLabel>
      <ShiftDownLabel>E</ShiftDownLabel>
    </TextKey>
    <TextKey>
      <Row>2</Row>
      <Col>9</Col>
      <ShiftUpLabel>i</ShiftUpLabel>
      <ShiftDownLabel>I</ShiftDownLabel>
    </TextKey>
    <TextKey>
      <Row>2</Row>
      <Col>10</Col>
      <ShiftUpLabel>o</ShiftUpLabel>
      <ShiftDownLabel>O</ShiftDownLabel>
    </TextKey>
    <TextKey>
      <Row>2</Row>
      <Col>8</Col>
      <ShiftUpLabel>u</ShiftUpLabel>
      <ShiftDownLabel>U</ShiftDownLabel>
    </TextKey>
    <TextKey>
      <Row>4</Row>
      <Col>4</Col>
      <ShiftUpLabel>x</ShiftUpLabel>
      <ShiftDownLabel>X</ShiftDownLabel>
    </TextKey>
    <TextKey>
      <Row>4</Row>
      <Col>3</Col>
      <ShiftUpLabel>y</ShiftUpLabel>
      <ShiftDownLabel>Y</ShiftDownLabel>
    </TextKey>
    <TextKey>
      <Row>2</Row>
      <Col>7</Col>
      <ShiftUpLabel>z</ShiftUpLabel>
      <ShiftDownLabel>Z</ShiftDownLabel>
    </TextKey>
    <TextKey>
      <Row>5</Row>
      <Col>1</Col>
      <Label>&gt;</Label>
    </TextKey>
    <TextKey>
      <Row>5</Row>
      <Col>2</Col>
      <Label>,</Label>
    </TextKey>
    <TextKey>
      <Row>5</Row>
      <Col>3</Col>
      <Label>.</Label>
    </TextKey>
    <TextKey>
      <Row>5</Row>
      <Col>4</Col>
      <Label>(</Label>
    </TextKey>
    <TextKey>
      <Row>5</Row>
      <Col>5</Col>
      <Label>)</Label>
    </TextKey>
    <TextKey>
      <Row>5</Row>
      <Col>6</Col>
      <Label>[</Label>
    </TextKey>
    <TextKey>
      <Row>5</Row>
      <Col>7</Col>
      <Label>]</Label>
    </TextKey>
    <TextKey>
      <Row>5</Row>
      <Col>8</Col>
      <Label>{</Label>
    </TextKey>
    <TextKey>
      <Row>5</Row>
      <Col>9</Col>
      <Label>}</Label>
    </TextKey>
    <TextKey>
      <Row>6</Row>
      <Col>4</Col>
      <Symbol>TabIcon</Symbol>
    </TextKey>
    <TextKey>
      <Row>6</Row>
      <Col>5</Col>
      <Symbol>SpaceIcon</Symbol>
    </TextKey>
    <TextKey>
      <Row>6</Row>
      <Col>7</Col>
      <Symbol>EnterIcon</Symbol>
    </TextKey>
    <ActionKey>
      <Row>0</Row>
      <Col>11</Col>
      <Symbol>MenuIcon</Symbol>
      <Action>MenuKeyboard</Action>
    </ActionKey>
    <ActionKey>
      <Row>6</Row>
      <Col>8</Col>
      <Symbol>BackOneIcon</Symbol>
      <Action>BackOne</Action>
    </ActionKey>
    <ActionKey>
      <Row>5</Row>
      <Col>0</Col>
      <Label>Win</Label>
      <Action>LeftWin</Action>
    </ActionKey>
    <ActionKey>
      <Row>5</Row>
      <Col>10</Col>
      <Symbol>UpArrowKeyIcon</Symbol>
      <Action>ArrowUp</Action>
    </ActionKey>
    <ActionKey>
      <Row>5</Row>
      <Col>11</Col>
      <Label>Esc</Label>
      <Action>Escape</Action>
    </ActionKey>
    <ActionKey>
      <Row>6</Row>
      <Col>0</Col>
      <Label>Ctrl</Label>
      <Action>LeftCtrl</Action>
    </ActionKey>
    <ActionKey>
      <Row>6</Row>
      <Col>1</Col>
      <Label>Alt</Label>
      <Action>LeftAlt</Action>
    </ActionKey>
    <ActionKey>
      <Row>6</Row>
      <Col>3</Col>
      <Symbol>ShiftIcon</Symbol>
      <Action>LeftShift</Action>
    </ActionKey>
    <ActionKey>
      <Row>6</Row>
      <Col>9</Col>
      <Symbol>LeftArrowKeyIcon</Symbol>
      <Action>ArrowLeft</Action>
    </ActionKey>
    <ActionKey>
      <Row>6</Row>
      <Col>10</Col>
      <Symbol>DownArrowKeyIcon</Symbol>
      <Action>ArrowDown</Action>
    </ActionKey>
    <ActionKey>
      <Row>6</Row>
      <Col>11</Col>
      <Symbol>RightArrowKeyIcon</Symbol>
      <Action>ArrowRight</Action>
    </ActionKey>
  </Keys>
</Keyboard>"
`;

exports[`parser: xml to js 1`] = `
Object {
  "Keyboard": Object {
    "BorderThickness": "0,0,0,0",
    "Grid": Object {
      "Cols": 30,
      "Rows": 7,
    },
    "Height": 40,
    "Keys": Array [
      Object {
        "Col": 8,
        "Label": "7",
        "Row": 0,
        "type": "TextKey",
      },
      Object {
        "Col": 9,
        "Label": "8",
        "Row": 0,
        "type": "TextKey",
      },
      Object {
        "Col": 10,
        "Label": "9",
        "Row": 0,
        "type": "TextKey",
      },
      Object {
        "Col": 1,
        "Row": 2,
        "type": "TextKey",
      },
      Object {
        "Col": 0,
        "Label": "~",
        "Row": 0,
        "type": "TextKey",
      },
      Object {
        "Col": 2,
        "Label": "$",
        "Row": 1,
        "type": "TextKey",
      },
      Object {
        "Col": 1,
        "Label": "&",
        "Row": 1,
        "type": "TextKey",
      },
      Object {
        "Col": 1,
        "Label": "^",
        "Row": 3,
        "type": "TextKey",
      },
      Object {
        "Col": 0,
        "Label": "!",
        "Row": 2,
        "type": "TextKey",
      },
      Object {
        "Col": 2,
        "Label": "?",
        "Row": 3,
        "type": "TextKey",
      },
      Object {
        "Col": 10,
        "Label": "|",
        "Row": 4,
        "type": "TextKey",
      },
      Object {
        "Action": "MenuKeyboard",
        "Col": 11,
        "Row": 0,
        "Symbol": "MenuIcon",
        "type": "ActionKey",
      },
      Object {
        "Col": 5,
        "Label": "4",
        "Row": 0,
        "type": "TextKey",
      },
      Object {
        "Col": 6,
        "Label": "5",
        "Row": 0,
        "type": "TextKey",
      },
      Object {
        "Col": 7,
        "Label": "6",
        "Row": 0,
        "type": "TextKey",
      },
      Object {
        "Col": 3,
        "Label": "/",
        "Row": 1,
        "type": "TextKey",
      },
      Object {
        "Col": 0,
        "Label": ":",
        "Row": 4,
        "type": "TextKey",
      },
      Object {
        "Col": 6,
        "Row": 3,
        "ShiftDownLabel": "F",
        "ShiftUpLabel": "f",
        "type": "TextKey",
      },
      Object {
        "Col": 7,
        "Row": 3,
        "ShiftDownLabel": "G",
        "ShiftUpLabel": "g",
        "type": "TextKey",
      },
      Object {
        "Col": 8,
        "Row": 3,
        "ShiftDownLabel": "H",
        "ShiftUpLabel": "h",
        "type": "TextKey",
      },
      Object {
        "Col": 2,
        "Row": 2,
        "ShiftDownLabel": "Q",
        "ShiftUpLabel": "q",
        "type": "TextKey",
      },
      Object {
        "Col": 9,
        "Row": 3,
        "ShiftDownLabel": "J",
        "ShiftUpLabel": "j",
        "type": "TextKey",
      },
      Object {
        "Col": 8,
        "Label": "%",
        "Row": 1,
        "type": "TextKey",
      },
      Object {
        "Action": "BackOne",
        "Col": 8,
        "Row": 6,
        "Symbol": "BackOneIcon",
        "type": "ActionKey",
      },
      Object {
        "Col": 2,
        "Label": "1",
        "Row": 0,
        "type": "TextKey",
      },
      Object {
        "Col": 3,
        "Label": "2",
        "Row": 0,
        "type": "TextKey",
      },
      Object {
        "Col": 9,
        "Row": 4,
        "ShiftDownLabel": "M",
        "ShiftUpLabel": "m",
        "type": "TextKey",
      },
      Object {
        "Col": 8,
        "Row": 4,
        "ShiftDownLabel": "N",
        "ShiftUpLabel": "n",
        "type": "TextKey",
      },
      Object {
        "Col": 11,
        "Row": 2,
        "ShiftDownLabel": "P",
        "ShiftUpLabel": "p",
        "type": "TextKey",
      },
      Object {
        "Col": 7,
        "Row": 4,
        "ShiftDownLabel": "B",
        "ShiftUpLabel": "b",
        "type": "TextKey",
      },
      Object {
        "Col": 10,
        "Row": 3,
        "ShiftDownLabel": "K",
        "ShiftUpLabel": "k",
        "type": "TextKey",
      },
      Object {
        "Col": 6,
        "Row": 4,
        "ShiftDownLabel": "V",
        "ShiftUpLabel": "v",
        "type": "TextKey",
      },
      Object {
        "Col": 0,
        "Label": "-",
        "Row": 3,
        "type": "TextKey",
      },
      Object {
        "Col": 4,
        "Label": "3",
        "Row": 0,
        "type": "TextKey",
      },
      Object {
        "Col": 6,
        "Label": "_",
        "Row": 1,
        "type": "TextKey",
      },
      Object {
        "Col": 2,
        "Label": ";",
        "Row": 6,
        "type": "TextKey",
      },
      Object {
        "Col": 0,
        "Label": "@",
        "Row": 1,
        "type": "TextKey",
      },
      Object {
        "Col": 7,
        "Label": "\\"",
        "Row": 1,
        "type": "TextKey",
      },
      Object {
        "Col": 5,
        "Label": "'",
        "Row": 1,
        "type": "TextKey",
      },
      Object {
        "Col": 11,
        "Label": "#",
        "Row": 4,
        "type": "TextKey",
      },
      Object {
        "Col": 1,
        "Label": "0",
        "Row": 0,
        "type": "TextKey",
      },
      Object {
        "Col": 11,
        "Row": 3,
        "ShiftDownLabel": "L",
        "ShiftUpLabel": "l",
        "type": "TextKey",
      },
      Object {
        "Col": 4,
        "Row": 3,
        "ShiftDownLabel": "S",
        "ShiftUpLabel": "s",
        "type": "TextKey",
      },
      Object {
        "Col": 5,
        "Row": 2,
        "ShiftDownLabel": "R",
        "ShiftUpLabel": "r",
        "type": "TextKey",
      },
      Object {
        "Col": 6,
        "Row": 2,
        "ShiftDownLabel": "T",
        "ShiftUpLabel": "t",
        "type": "TextKey",
      },
      Object {
        "Col": 5,
        "Row": 4,
        "ShiftDownLabel": "C",
        "ShiftUpLabel": "c",
        "type": "TextKey",
      },
      Object {
        "Col": 5,
        "Row": 3,
        "ShiftDownLabel": "D",
        "ShiftUpLabel": "d",
        "type": "TextKey",
      },
      Object {
        "Col": 3,
        "Row": 2,
        "ShiftDownLabel": "W",
        "ShiftUpLabel": "w",
        "type": "TextKey",
      },
      Object {
        "Col": 4,
        "Label": "+",
        "Row": 1,
        "type": "TextKey",
      },
      Object {
        "Col": 1,
        "Label": "<",
        "Row": 4,
        "type": "TextKey",
      },
      Object {
        "Col": 2,
        "Label": "=",
        "Row": 4,
        "type": "TextKey",
      },
      Object {
        "Col": 3,
        "Row": 3,
        "ShiftDownLabel": "A",
        "ShiftUpLabel": "a",
        "type": "TextKey",
      },
      Object {
        "Col": 4,
        "Row": 2,
        "ShiftDownLabel": "E",
        "ShiftUpLabel": "e",
        "type": "TextKey",
      },
      Object {
        "Col": 9,
        "Row": 2,
        "ShiftDownLabel": "I",
        "ShiftUpLabel": "i",
        "type": "TextKey",
      },
      Object {
        "Col": 10,
        "Row": 2,
        "ShiftDownLabel": "O",
        "ShiftUpLabel": "o",
        "type": "TextKey",
      },
      Object {
        "Col": 8,
        "Row": 2,
        "ShiftDownLabel": "U",
        "ShiftUpLabel": "u",
        "type": "TextKey",
      },
      Object {
        "Col": 4,
        "Row": 4,
        "ShiftDownLabel": "X",
        "ShiftUpLabel": "x",
        "type": "TextKey",
      },
      Object {
        "Col": 3,
        "Row": 4,
        "ShiftDownLabel": "Y",
        "ShiftUpLabel": "y",
        "type": "TextKey",
      },
      Object {
        "Col": 7,
        "Row": 2,
        "ShiftDownLabel": "Z",
        "ShiftUpLabel": "z",
        "type": "TextKey",
      },
      Object {
        "Action": "LeftWin",
        "Col": 0,
        "Label": "Win",
        "Row": 5,
        "type": "ActionKey",
      },
      Object {
        "Col": 1,
        "Label": ">",
        "Row": 5,
        "type": "TextKey",
      },
      Object {
        "Col": 2,
        "Label": ",",
        "Row": 5,
        "type": "TextKey",
      },
      Object {
        "Col": 3,
        "Label": ".",
        "Row": 5,
        "type": "TextKey",
      },
      Object {
        "Col": 4,
        "Label": "(",
        "Row": 5,
        "type": "TextKey",
      },
      Object {
        "Col": 5,
        "Label": ")",
        "Row": 5,
        "type": "TextKey",
      },
      Object {
        "Col": 6,
        "Label": "[",
        "Row": 5,
        "type": "TextKey",
      },
      Object {
        "Col": 7,
        "Label": "]",
        "Row": 5,
        "type": "TextKey",
      },
      Object {
        "Col": 8,
        "Label": "{",
        "Row": 5,
        "type": "TextKey",
      },
      Object {
        "Col": 9,
        "Label": "}",
        "Row": 5,
        "type": "TextKey",
      },
      Object {
        "Action": "ArrowUp",
        "Col": 10,
        "Row": 5,
        "Symbol": "UpArrowKeyIcon",
        "type": "ActionKey",
      },
      Object {
        "Action": "Escape",
        "Col": 11,
        "Label": "Esc",
        "Row": 5,
        "type": "ActionKey",
      },
      Object {
        "Action": "LeftCtrl",
        "Col": 0,
        "Label": "Ctrl",
        "Row": 6,
        "type": "ActionKey",
      },
      Object {
        "Action": "LeftAlt",
        "Col": 1,
        "Label": "Alt",
        "Row": 6,
        "type": "ActionKey",
      },
      Object {
        "Action": "LeftShift",
        "Col": 3,
        "Row": 6,
        "Symbol": "ShiftIcon",
        "type": "ActionKey",
      },
      Object {
        "Col": 4,
        "Row": 6,
        "Symbol": "TabIcon",
        "type": "TextKey",
      },
      Object {
        "Col": 5,
        "Row": 6,
        "Symbol": "SpaceIcon",
        "type": "TextKey",
      },
      Object {
        "Col": 7,
        "Row": 6,
        "Symbol": "EnterIcon",
        "type": "TextKey",
      },
      Object {
        "Action": "ArrowLeft",
        "Col": 9,
        "Row": 6,
        "Symbol": "LeftArrowKeyIcon",
        "type": "ActionKey",
      },
      Object {
        "Action": "ArrowDown",
        "Col": 10,
        "Row": 6,
        "Symbol": "DownArrowKeyIcon",
        "type": "ActionKey",
      },
      Object {
        "Action": "ArrowRight",
        "Col": 11,
        "Row": 6,
        "Symbol": "RightArrowKeyIcon",
        "type": "ActionKey",
      },
    ],
    "Name": "MMB2s Keyboard",
    "SymbolMargin": 1,
  },
}
`;
